/*
=============================================================================
NFSA Summary for input file <Scanner.lex>
=============================================================================
Total NFSA states = 157
Number of Start Conditions = 1
Start condition INITIAL:
  number of patterns = 15, number of nfsa states = 88, accept states = 15
=============================================================================
GPLEX: NFSA built.    6 msec
=============================================================================
GPLEX: DFSA built.    5 msec
=============================================================================
GPLEX: DFSA minimized.    6 msec
=============================================================================
GPLEX: Shortest strings found.    0 msec
=============================================================================
DFSA Summary
=============================================================================
Number of dfsa instances = 1
Start condition INITIAL:
  number of dfsa states = 52, number of accept states = 34
=============================================================================
GPLEX: C# file emitted.   19 msec
=============================================================================
GPLEX Summary
=============================================================================
Total number of states = 36, total accept states = 22, backup states = 5
Original state number was 53, minimized machine has 36 states
Compression summary: used 648 nextstate entries, plus 165 map entries
- Uncompressed automaton would have 40,108,032 nextstate entries
- Input characters are packed into 24 equivalence classes
- CharClass compression 100.00%, 24 entries Vs 1,114,112
- Redundant row compression 25.00%, 648 entries Vs 864
- CharacterMap compression is 99.99%, 165 entries Vs 1,114,112
- Decision tree depth is 1

Backup state report --- 
In <0>, after "H" automaton could accept "." in state 7
--- after ''\x20'' automaton is in a non-accept state and might need to backup

In <0>, after "0" automaton could accept "[\-\+0-9][0-9]*" in state 9
--- after ''\x20'' automaton is in a non-accept state and might need to backup

In <0>, after "\"" automaton could accept "." in state 11
--- after ''\x01'' automaton is in a non-accept state and might need to backup

In <0>, after "P" automaton could accept "." in state 12
--- after ''\x20'' automaton is in a non-accept state and might need to backup

In <0>, after "\"\"" automaton could accept "[\"](¤[\r][\n]|[\"][\"]|[^\"])*[\"]" in state 17
--- after ''"'' automaton is in a non-accept state and might need to backup

=============================================================================
 */
